{
    "Small1000GenomesChr22 - Run process": {
        "content": [
            [
                "versions.yml:md5,c56c05bc0996fe12ff15e24c3b394438"
            ]
        ],
        "meta": {
            "nf-test": "0.9.2",
            "nextflow": "23.10.1"
        },
        "timestamp": "2025-04-29T08:40:27.682335"
    },
    "Small1000GenomesChr22 - Stub mode": {
        "content": [
            [
                "versions.yml:md5,c56c05bc0996fe12ff15e24c3b394438"
            ]
        ],
        "meta": {
            "nf-test": "0.9.2",
            "nextflow": "23.10.1"
        },
        "timestamp": "2025-04-29T08:40:09.069666"
    }
}